// Jest Snapshot v1, https://goo.gl/fbAQLP

exports[`<Popup /> matches snapshot 1`] = `
<div
  className="popup"
>
  <div
    className="popup-inner"
  />
  <div
    className="popup-bg"
    onClick={[Function]}
  />
</div>
`;
